[
    36,
    84,
    101,
    115,
    116,
    32,
    240,
    159,
    152,
    132,
    32,
    49,
    50,
    51,
    52
]